== group main1 -> /Users/ramakrushna/Downloads/Graphical Models/robust-functional-ggm/results/full_sim_main1.csv ==
skipping already-done cells: ['base']
/Users/ramakrushna/Library/Python/3.14/lib/python/site-packages/numpy/linalg/_linalg.py:2349: RuntimeWarning: divide by zero encountered in slogdet
  sign, logdet = _umath_linalg.slogdet(a, signature=signature)
/Users/ramakrushna/Library/Python/3.14/lib/python/site-packages/numpy/linalg/_linalg.py:2349: RuntimeWarning: overflow encountered in slogdet
  sign, logdet = _umath_linalg.slogdet(a, signature=signature)
/Users/ramakrushna/Library/Python/3.14/lib/python/site-packages/numpy/linalg/_linalg.py:2349: RuntimeWarning: invalid value encountered in slogdet
  sign, logdet = _umath_linalg.slogdet(a, signature=signature)
  [n100] lambda[fglasso]=0.200 (3s)
  [n100] lambda[t_em]=0.224 (36s)
  [n100] lambda[altt_em]=0.224 (71s)
  [n100] lambda[wglasso]=0.200 (72s)
  [n100] rep 1/10 (75s)
  [n100] rep 2/10 (77s)
  [n100] rep 3/10 (80s)
  [n100] rep 4/10 (82s)
  [n100] rep 5/10 (84s)
  [n100] rep 6/10 (86s)
  [n100] rep 7/10 (89s)
  [n100] rep 8/10 (91s)
  [n100] rep 9/10 (94s)
  [n100] rep 10/10 (96s)
  [n100] cell done in 1.6 min
  [n400] lambda[fglasso]=0.200 (1s)
  [n400] lambda[t_em]=0.106 (6s)
  [n400] lambda[altt_em]=0.106 (11s)
  [n400] lambda[wglasso]=0.200 (12s)
  [n400] rep 1/10 (13s)
  [n400] rep 2/10 (14s)
  [n400] rep 3/10 (15s)
  [n400] rep 4/10 (16s)
  [n400] rep 5/10 (17s)
  [n400] rep 6/10 (18s)
  [n400] rep 7/10 (19s)
  [n400] rep 8/10 (20s)
  [n400] rep 9/10 (21s)
  [n400] rep 10/10 (22s)
  [n400] cell done in 0.4 min
  [K3] lambda[fglasso]=0.200 (0s)
  [K3] lambda[t_em]=0.224 (5s)
  [K3] lambda[altt_em]=0.224 (10s)
  [K3] lambda[wglasso]=0.200 (10s)
  [K3] rep 1/10 (11s)
  [K3] rep 2/10 (11s)
  [K3] rep 3/10 (11s)
  [K3] rep 4/10 (12s)
  [K3] rep 5/10 (12s)
  [K3] rep 6/10 (12s)
  [K3] rep 7/10 (13s)
  [K3] rep 8/10 (13s)
  [K3] rep 9/10 (14s)
  [K3] rep 10/10 (14s)
  [K3] cell done in 0.2 min
  [K6] lambda[fglasso]=0.400 (4s)
  [K6] lambda[t_em]=0.224 (48s)
  [K6] lambda[altt_em]=0.224 (88s)
  [K6] lambda[wglasso]=0.400 (89s)
  [K6] rep 1/10 (91s)
  [K6] rep 2/10 (93s)
  [K6] rep 3/10 (95s)
  [K6] rep 4/10 (98s)
  [K6] rep 5/10 (100s)
  [K6] rep 6/10 (102s)
  [K6] rep 7/10 (105s)
  [K6] rep 8/10 (107s)
  [K6] rep 9/10 (109s)
  [K6] rep 10/10 (111s)
  [K6] cell done in 1.8 min
