== group extra -> /Users/ramakrushna/Downloads/Graphical Models/robust-functional-ggm/results/full_sim_extra.csv ==
/Users/ramakrushna/Library/Python/3.14/lib/python/site-packages/numpy/linalg/_linalg.py:2349: RuntimeWarning: divide by zero encountered in slogdet
  sign, logdet = _umath_linalg.slogdet(a, signature=signature)
/Users/ramakrushna/Library/Python/3.14/lib/python/site-packages/numpy/linalg/_linalg.py:2349: RuntimeWarning: overflow encountered in slogdet
  sign, logdet = _umath_linalg.slogdet(a, signature=signature)
/Users/ramakrushna/Library/Python/3.14/lib/python/site-packages/numpy/linalg/_linalg.py:2349: RuntimeWarning: invalid value encountered in slogdet
  sign, logdet = _umath_linalg.slogdet(a, signature=signature)
  [mech_amplitude] lambda[fglasso]=0.400 (1s)
  [mech_amplitude] lambda[t_em]=0.224 (12s)
  [mech_amplitude] lambda[altt_em]=0.224 (23s)
  [mech_amplitude] lambda[wglasso]=0.400 (24s)
  [mech_amplitude] rep 1/8 (25s)
  [mech_amplitude] rep 2/8 (26s)
  [mech_amplitude] rep 3/8 (28s)
  [mech_amplitude] rep 4/8 (29s)
  [mech_amplitude] rep 5/8 (30s)
  [mech_amplitude] rep 6/8 (31s)
  [mech_amplitude] rep 7/8 (32s)
  [mech_amplitude] rep 8/8 (34s)
  [mech_amplitude] cell done in 0.6 min
  [mech_blink] lambda[fglasso]=0.200 (1s)
  [mech_blink] lambda[t_em]=0.224 (8s)
  [mech_blink] lambda[altt_em]=0.224 (15s)
  [mech_blink] lambda[wglasso]=0.400 (16s)
  [mech_blink] rep 1/8 (18s)
  [mech_blink] rep 2/8 (19s)
  [mech_blink] rep 3/8 (21s)
  [mech_blink] rep 4/8 (23s)
  [mech_blink] rep 5/8 (25s)
  [mech_blink] rep 6/8 (26s)
  [mech_blink] rep 7/8 (28s)
  [mech_blink] rep 8/8 (30s)
  [mech_blink] cell done in 0.5 min
/Users/ramakrushna/Library/Python/3.14/lib/python/site-packages/numpy/linalg/_linalg.py:2349: RuntimeWarning: divide by zero encountered in slogdet
  sign, logdet = _umath_linalg.slogdet(a, signature=signature)
/Users/ramakrushna/Library/Python/3.14/lib/python/site-packages/numpy/linalg/_linalg.py:2349: RuntimeWarning: overflow encountered in slogdet
  sign, logdet = _umath_linalg.slogdet(a, signature=signature)
/Users/ramakrushna/Library/Python/3.14/lib/python/site-packages/numpy/linalg/_linalg.py:2349: RuntimeWarning: invalid value encountered in slogdet
  sign, logdet = _umath_linalg.slogdet(a, signature=signature)
  [nu3] lambda[t_em]=0.106 (13s)
  [nu3] rep 1/8 (13s)
  [nu3] rep 2/8 (14s)
  [nu3] rep 3/8 (15s)
  [nu3] rep 4/8 (15s)
  [nu3] rep 5/8 (16s)
  [nu3] rep 6/8 (17s)
  [nu3] rep 7/8 (18s)
  [nu3] rep 8/8 (19s)
  [nu3] cell done in 0.3 min
  [nu5] lambda[t_em]=0.224 (10s)
  [nu5] rep 1/8 (10s)
  [nu5] rep 2/8 (11s)
  [nu5] rep 3/8 (11s)
  [nu5] rep 4/8 (11s)
  [nu5] rep 5/8 (12s)
  [nu5] rep 6/8 (12s)
  [nu5] rep 7/8 (13s)
  [nu5] rep 8/8 (13s)
  [nu5] cell done in 0.2 min
  [nu7] lambda[t_em]=0.224 (7s)
  [nu7] rep 1/8 (7s)
  [nu7] rep 2/8 (8s)
  [nu7] rep 3/8 (8s)
  [nu7] rep 4/8 (8s)
  [nu7] rep 5/8 (8s)
  [nu7] rep 6/8 (9s)
  [nu7] rep 7/8 (9s)
  [nu7] rep 8/8 (9s)
  [nu7] cell done in 0.2 min
  [nu10] lambda[t_em]=0.224 (8s)
  [nu10] rep 1/8 (9s)
  [nu10] rep 2/8 (9s)
  [nu10] rep 3/8 (9s)
  [nu10] rep 4/8 (10s)
  [nu10] rep 5/8 (10s)
  [nu10] rep 6/8 (10s)
  [nu10] rep 7/8 (11s)
  [nu10] rep 8/8 (11s)
  [nu10] cell done in 0.2 min
  [nu15] lambda[t_em]=0.224 (8s)
  [nu15] rep 1/8 (8s)
  [nu15] rep 2/8 (9s)
  [nu15] rep 3/8 (9s)
  [nu15] rep 4/8 (9s)
  [nu15] rep 5/8 (9s)
  [nu15] rep 6/8 (10s)
  [nu15] rep 7/8 (10s)
  [nu15] rep 8/8 (10s)
  [nu15] cell done in 0.2 min
/Users/ramakrushna/Library/Python/3.14/lib/python/site-packages/numpy/linalg/_linalg.py:2349: RuntimeWarning: divide by zero encountered in slogdet
  sign, logdet = _umath_linalg.slogdet(a, signature=signature)
/Users/ramakrushna/Library/Python/3.14/lib/python/site-packages/numpy/linalg/_linalg.py:2349: RuntimeWarning: overflow encountered in slogdet
  sign, logdet = _umath_linalg.slogdet(a, signature=signature)
/Users/ramakrushna/Library/Python/3.14/lib/python/site-packages/numpy/linalg/_linalg.py:2349: RuntimeWarning: invalid value encountered in slogdet
  sign, logdet = _umath_linalg.slogdet(a, signature=signature)
  [nu_prof] lambda[t_em_prof]=0.224 (11s)
  [nu_prof] rep 1/8 (11s)
  [nu_prof] rep 2/8 (11s)
  [nu_prof] rep 3/8 (12s)
  [nu_prof] rep 4/8 (12s)
  [nu_prof] rep 5/8 (12s)
  [nu_prof] rep 6/8 (13s)
  [nu_prof] rep 7/8 (13s)
  [nu_prof] rep 8/8 (13s)
  [nu_prof] cell done in 0.2 min
  [nu_altt] lambda[altt_em]=0.224 (14s)
  [nu_altt] rep 1/8 (14s)
  [nu_altt] rep 2/8 (15s)
  [nu_altt] rep 3/8 (15s)
  [nu_altt] rep 4/8 (16s)
  [nu_altt] rep 5/8 (17s)
  [nu_altt] rep 6/8 (17s)
  [nu_altt] rep 7/8 (18s)
  [nu_altt] rep 8/8 (19s)
  [nu_altt] cell done in 0.3 min
