  [p50_t150] lambda[fglasso]=0.071 (density cal, 6s)
  [p50_t150] lambda[t_em]=0.071 (density cal, 44s)
  [p50_t150] lambda[altt_em]=0.071 (density cal, 86s)
  [p50_t150] lambda[wglasso]=0.476 (density cal, 87s)
  [p50_t150] resuming: 72 fits already done
  [p50_t150] rep 1/6 (88s)
  [p50_t150] rep 2/6 (88s)
  [p50_t150] rep 3/6 (88s)
  [p50_t150] rep 4/6 (88s)
  [p50_t150] rep 5/6 (88s)
  [p50_t150] rep 6/6 (88s)
  [p50_t150] cell done in 1.5 min
  [p50_t400] lambda[fglasso]=0.038 (density cal, 6s)
  [p50_t400] lambda[t_em]=0.038 (density cal, 44s)
  [p50_t400] lambda[altt_em]=0.038 (density cal, 86s)
  [p50_t400] lambda[wglasso]=0.252 (density cal, 87s)
  [p50_t400] resuming: 48 fits already done
  [p50_t400] rep 1/6 (87s)
  [p5  [p50_t400] rep 5/6 (615s)
  [p50_t400] rep 6/6 (714s)
  [p50_t400] cell done in 11.9 min
p 5/6 (180s)
  [p50_t400] rep 6/6 (273s)
  [p50_t400] cell done in 4.6 min
